[2016-12-01 21:36:26,671][wps.py[init:250]] Retrieving capabilities
[2016-12-01 21:36:26,674][connectionpool.py[_new_conn:214]] Starting new HTTP connection (1): localhost
[2016-12-01 21:36:26,675][wps.py[init:250]] Retrieving capabilities
[2016-12-01 21:36:26,676][connectionpool.py[_new_conn:214]] Starting new HTTP connection (1): localhost
[2016-12-01 21:36:26,676][wps.py[init:250]] Retrieving capabilities
[2016-12-01 21:36:26,677][connectionpool.py[_new_conn:214]] Starting new HTTP connection (1): localhost
[2016-12-01 21:36:26,678][wps.py[execute:309]] Executing "identifier.mv" at "http://localhost:9999/wps" using HTTP GET method
[2016-12-01 21:36:26,678][wps.py[execute:321]] DataInputs:

[2016-12-01 21:36:26,678][wps.py[execute:145]] params={'status': False, 'version': '1.0.0', 'service': 'WPS', 'Identifier': 'identifier.mv', 'request': 'Execute', 'store': False}
[2016-12-01 21:36:26,679][connectionpool.py[_new_conn:214]] Starting new HTTP connection (1): localhost
[2016-12-01 21:36:26,680][wps.py[init:250]] Retrieving capabilities
[2016-12-01 21:36:26,680][wps.py[get_capabilities:103]] GetCapabilites
http://localhost:8000/wps
[2016-12-01 21:36:26,681][wps.py[init:260]] Populating identifer, provider and contact debug
[2016-12-01 21:36:26,681][wps.py[init:279]] Populating processes
